[pkbichdao.com/index.html]
[backblue.gif]
[fade.gif]
[index.html]
[pkbichdao.com/upload/1003690/20230712/1_27d24.png]
[pkbichdao.com/upload/1003690/20230822/1_5307e_4de10.png]
[pkbichdao.com/css/1.5224650/1003690/10126/styled195.css]
[pkbichdao.com/publish/js/lib2-1.522.mind195.js]
[pkbichdao.com/3rdparty/vhv-font/vhv4a8a.css]
[pkbichdao.com/menu-top/dat-lich-kham.html]
[pkbichdao.com/menu-top/tra-ket-qua-qua-website.html]
[pkbichdao.com/lien-he.html]
[pkbichdao.com/page/sitemap.html]
[pkbichdao.com/upload/1003690/20230712/1_5307e.png]
[pkbichdao.com/Common/images/Social/f.png]
[pkbichdao.com/Common/images/Social/y.png]
[pkbichdao.com/gioi-thieu.html]
[pkbichdao.com/chuyen-khoa.html]
[pkbichdao.com/thong-tin-y-khoa.html]
[pkbichdao.com/chuyen-gia.html]
[pkbichdao.com/dich-vu-ho-tro.html]
[pkbichdao.com/gioi-thieu/gioi-thieu-chung.html]
[pkbichdao.com/gioi-thieu/su-menh-tam-nhin.html]
[pkbichdao.com/gioi-thieu/doi-ngu-bac-si.html]
[pkbichdao.com/gioi-thieu/co-so-vat-chat.html]
[pkbichdao.com/chuyen-khoa/cac-trung-tam.html]
[pkbichdao.com/chuyen-khoa/khoi-noi.html]
[pkbichdao.com/thong-tin-y-khoa/tin-tuc-y-hoc.html]
[pkbichdao.com/chuyen-khoa/giam-dau.html]
[pkbichdao.com/thong-tin-y-khoa/cac-ky-thuat-chuyen-sau.html]
[pkbichdao.com/thong-tin-y-khoa/y-khoa-chuyen-nganh.html]
[pkbichdao.com/chuyen-khoa/khoi-ngoai.html]
[pkbichdao.com/thong-tin-y-khoa/tai-lieu-y-hoc.html]
[pkbichdao.com/thong-tin-y-khoa/giam-dau.html]
[pkbichdao.com/dich-vu-ho-tro/bao-hiem-nhan-tho.html]
[pkbichdao.com/dich-vu-ho-tro/bao-hiem-y-te.html]
[pkbichdao.com/publish/thumbnail/1003690/154x90xdefault/upload/1003690/20230801/Facebook_Cover-04_c66db.jpg]
[pkbichdao.com/upload/1003690/20230801/Facebook_Cover-04_c66db.jpg]
[pkbichdao.com/dich-vu/trung-tam-kcbclc.html]
[pkbichdao.com/upload/1003690/20230806/3489ebdd-66f9-4557-89a1-143a0fac82f9-removebg-preview_ce6ab.png]
[pkbichdao.com/dich-vu/trung-tam-ung-buou.html]
[pkbichdao.com/upload/1003690/20230806/image_2023-08-06_17-45-40__1_-removebg-preview_6e5e6.png]
[pkbichdao.com/dich-vu/trung-tam-tim-mach.html]
[pkbichdao.com/upload/1003690/20230806/image_2023-08-06_17-46-06-removebg-preview_f1109.png]
[pkbichdao.com/dich-vu/trung-tam-huyet-hoc-truyen-mau.html]
[pkbichdao.com/upload/1003690/20230806/image_2023-08-06_17-46-55-removebg-preview_5a526.png]
[pkbichdao.com/tai-sao-chon-chung-toi/doi-ngu-bac-si-giau-kinh-nghiem.html]
[pkbichdao.com/publish/thumbnail/20770/32x32xdefault/upload/20770/20180602/icon_doingu_1.png]
[pkbichdao.com/tai-sao-chon-chung-toi/chat-luong-dich-vu-tot.html]
[pkbichdao.com/publish/thumbnail/20770/32x32xdefault/upload/20770/20180602/icon_doingu_2.png]
[pkbichdao.com/upload/1003690/20230728/BS_Bich_Dao_8ed5e.jpg]
[pkbichdao.com/tai-sao-chon-chung-toi/trang-thiet-bi-hien-dai.html]
[pkbichdao.com/publish/thumbnail/20770/32x32xdefault/upload/20770/20180602/icon_doingu_3.png]
[pkbichdao.com/tai-sao-chon-chung-toi/quy-trinh-kham-chua-benh-thuan-tien.html]
[pkbichdao.com/publish/thumbnail/20770/32x32xdefault/upload/20770/20180602/icon_doingu_4.png]
[pkbichdao.com/upload/1003690/20230815/icon_feature_1_88bdf.png]
[pkbichdao.com/upload/1003690/20230815/icon_feature_2_c310c.png]
[pkbichdao.com/upload/1003690/20230815/icon_feature_3_68653.png]
[pkbichdao.com/upload/1003690/20230815/bg_feature_89eeb.jpg]
[pkbichdao.com/thong-tin-y-khoa/y-khoa-chuyen-nganh/dieu-tri-ung-thu-thuc-quan-giai-doan-di-can-co-hoi-va-thach-thuc.html]
[pkbichdao.com/Common/images/no-image.jpg]
[pkbichdao.com/page/404.html]
[pkbichdao.com/thong-tin-y-khoa/y-khoa-chuyen-nganh/benh-mui-xoang-co-the-gay-giam-thi-luc-.html]
[pkbichdao.com/thong-tin-y-khoa/tin-tuc-y-hoc/cham-soc-tre-bi-ho.html]
[pkbichdao.com/chuyen-khoa/khoi-ngoai/phan-loai-cac-dang-khiem-thinh.html]
[pkbichdao.com/thong-tin-y-khoa/tai-lieu-y-hoc/chuan-bi-tu-thuoc-gia-dinh-trong-dip-tet.html]
[pkbichdao.com/thong-tin-y-khoa/giam-dau/thuc-pham-giup-giam-dau-khop-hieu-qua.html]
[pkbichdao.com/thong-tin-y-khoa/tai-lieu-y-hoc/tre-so-sinh-dang-nong-hay-lanh-nguy-hiem-hay-khong-phat-hien-ra-sao-va-xu-tri-the-nao-.html]
[pkbichdao.com/thong-tin-y-khoa/tai-lieu-y-hoc/hieu-va-du-phong-hien-tuong-nghe-kem.html]
[pkbichdao.com/thong-tin-y-khoa/tai-lieu-y-hoc/toi-lieu-co-phai-la-than-duoc-chua-benh-tai-mui-hong.html]
[pkbichdao.com/thong-tin-y-khoa/cac-ky-thuat-chuyen-sau/bien-chung-nguy-hiem-cua-viem-va-ap-xe-thanh-sau-hong.html]
[pkbichdao.com/thong-tin-y-khoa/cac-ky-thuat-chuyen-sau/benh-mui-xoang-co-the-gay-giam-thi-luc-.html]
[pkbichdao.com/thong-tin-y-khoa/cac-ky-thuat-chuyen-sau/luu-y-dau-tai-rat-co-the-la-dau-hieu-cua-ung-thu-vung-hong.html]
[pkbichdao.com/goc-tri-an.html]
[pkbichdao.com/publish/thumbnail/1003690/300x300xdefault/upload/1003690/20230821/grab490dbmy_tam.jpg]
[pkbichdao.com/Common/images/no-image-news.png]
[pkbichdao.com/goc-tri-an/bac-si-tiet-lo-my-tam-van-phai-dieu-tri-dai-han-chung-ho-.html]
[pkbichdao.com/gioi-thieu/doi-ngu-bac-si/bac-sy-nguyen-thi-tuyet-nhung.html]
[pkbichdao.com/publish/thumbnail/1003690/300x300xdefault/upload/1003690/20230820/4_405bc.jpg]
[pkbichdao.com/gioi-thieu/doi-ngu-bac-si/thac-sy-bsc.-trang-thanh-thuy.html]
[pkbichdao.com/publish/thumbnail/1003690/300x300xdefault/upload/1003690/20230820/5_94446.jpg]
[pkbichdao.com/gioi-thieu/doi-ngu-bac-si/pho-giao-su-tien-si-bac-si-pham-thi-bich-dao.html]
[pkbichdao.com/publish/thumbnail/1003690/300x300xdefault/upload/1003690/20230728/BS_Bich_Dao_840b1.jpg]
[pkbichdao.com/gioi-thieu/doi-ngu-bac-si/nguyen-van-a.html]
[pkbichdao.com/publish/thumbnail/1003690/300x300xdefault/upload/1003690/20230820/2_02c7e.jpg]
[pkbichdao.com/Common/images/Statistic/1.jpg]
[pkbichdao.com/Common/images/Statistic/2.jpg]
[pkbichdao.com/Common/images/Statistic/3.jpg]
[pkbichdao.com/Common/images/Statistic/5.jpg]
[pkbichdao.com/3rdparty/jQuery/fluidNav.js]
[pkbichdao.com/3rdparty/jQuery/wowslider/dodgy/style.css]
[pkbichdao.com/3rdparty/jQuery/wowslider/wowslider.js]
[pkbichdao.com/3rdparty/jQuery/wowslider/effects/basic/script.js]
[pkbichdao.com/3rdparty/jQuery/owl-carousel/owl.carousel.2.0.0/assets/owl.carousel.css]
[pkbichdao.com/3rdparty/jQuery/owl-carousel/owl.carousel.2.0.0/assets/owl.theme.default.min.css]
[pkbichdao.com/index.html]
[pkbichdao.com/3rdparty/jQuery/owl-carousel/owl.carousel.2.0.0/owl.carousel.js]
[pkbichdao.com/3rdparty/bootstrap-sass/3.4.1/assets/fonts/bootstrap/glyphicons-halflings-regular.eot]
[pkbichdao.com/3rdparty/bootstrap-sass/3.4.1/assets/fonts/bootstrap/glyphicons-halflings-regulard41d.eot]
[pkbichdao.com/3rdparty/bootstrap-sass/3.4.1/assets/fonts/bootstrap/glyphicons-halflings-regular.woff2]
[pkbichdao.com/3rdparty/bootstrap-sass/3.4.1/assets/fonts/bootstrap/glyphicons-halflings-regular.woff]
[pkbichdao.com/3rdparty/bootstrap-sass/3.4.1/assets/fonts/bootstrap/glyphicons-halflings-regular.ttf]
[pkbichdao.com/3rdparty/bootstrap-sass/3.4.1/assets/fonts/bootstrap/glyphicons-halflings-regular.svg]
[pkbichdao.com/App/images/sidebarManager/page_btn_g_mellow.html]
[pkbichdao.com/App/images/sidebarManager/pages_panel_sprite.png]
[pkbichdao.com/3rdparty/jQuery/jquery-nstslider/dist/range-reduction.png]
[pkbichdao.com/3rdparty/jQuery/jquery-nstslider/dist/range-increase.png]
[pkbichdao.com/3rdparty/jQuery/jquery-nstslider/dist/nstSlider.png]
[pkbichdao.com/css/1.5224650/1003690/10126/images/arrow_down.html]
[pkbichdao.com/css/1.5224650/1003690/10126/images/sort_row_bg.html]
[pkbichdao.com/css/1.5224650/1003690/10126/images/filter_row_bg.html]
[pkbichdao.com/App/images/backtotop.png]
[pkbichdao.com/App/images/bg-gt-member.png]
[pkbichdao.com/App/images/Member/bg_shadow.html]
[pkbichdao.com/App/images/Member/bg_group_name.html]
[pkbichdao.com/App/images/intro-icon.png]
[pkbichdao.com/App/images/Member/icon-intro.html]
[pkbichdao.com/App/images/Member/icon-teacher.html]
[pkbichdao.com/App/images/Member/icon-department.html]
[pkbichdao.com/App/images/btn-slideshow.png]
[pkbichdao.com/App/images/News/bg-repeat.jpg]
[pkbichdao.com/upload/2000248/bg-repeat.jpg]
[pkbichdao.com/upload/2000266/bg-prew-td.png]
[pkbichdao.com/upload/2000266/bg-next-td.png]
[pkbichdao.com/App/images/icon_social_login.png]
[pkbichdao.com/App/images/menu/bg_menu.png]
[pkbichdao.com/App/images/menu/icon_home_gray.png]
[pkbichdao.com/App/images/footer/bf_footer_default.png]
[pkbichdao.com/App/images/icons/gift.png]
[pkbichdao.com/App/images/Study/library-icon.png]
[pkbichdao.com/App/images/content-load.gif]
[pkbichdao.com/upload/20770/css-img/bg_feature.jpg]
[pkbichdao.com/css/1.5224650/1003690/10126/styled195.css]
[pkbichdao.com/3rdparty/vhv-font/vhv0d2f.eot]
[pkbichdao.com/3rdparty/vhv-font/vhv9e69.woff2]
[pkbichdao.com/3rdparty/vhv-font/vhv9e69.ttf]
[pkbichdao.com/3rdparty/vhv-font/vhv9e69.woff]
[pkbichdao.com/3rdparty/vhv-font/vhv4a8a.css]
[pkbichdao.com/Content/images/icon-arrow-right.png]
[pkbichdao.com/publish/maps/15_46795599ed2bc3b1.png]
[pkbichdao.com/Common/images/bg_trans.png]
[pkbichdao.com/3rdparty/vhv-font/vhv9e69.svg]
[pkbichdao.com/thong-tin-y-khoa/tai-lieu-y-hoc/su-dung-tai-nghe-ra-sao-de-an-toan-cho-ban.html]
[pkbichdao.com/thong-tin-y-khoa/cac-ky-thuat-chuyen-sau/khong-nuot-duoc-vi-chung-co-that-thuc-quan.html]
[pkbichdao.com/thong-tin-y-khoa/cac-ky-thuat-chuyen-sau/bi-viem-amidan-cap-khi-nao-can-den-benh-vien-.html]
[pkbichdao.com/hoi-dap.html]
[pkbichdao.com/thong-tin-y-khoa/tai-lieu-y-hoc/bi-khan-tieng-di-kham-phat-hien-ra-ung-thu-thuc-quan-.html]
[pkbichdao.com/menu-top/3rdparty/jQuery/fluidNav.html]
[pkbichdao.com/menu-top/3rdparty/jQuery/wowslider/wowslider.html]
[pkbichdao.com/menu-top/3rdparty/jQuery/wowslider/dodgy/style.html]
[pkbichdao.com/menu-top/3rdparty/jQuery/wowslider/wowslider-2.html]
[pkbichdao.com/menu-top/dat-lich-kham.html]
[pkbichdao.com/menu-top/3rdparty/jQuery/wowslider/effects/basic/script.html]
[pkbichdao.com/menu-top/tra-ket-qua-qua-website.html]
[pkbichdao.com/menu-top/3rdparty/jQuery/jprintArea/jquery.VHVPrintArea.html]
[pkbichdao.com/lien-he.html]
[pkbichdao.com/page/sitemap.html]
[pkbichdao.com/page/3rdparty/jQuery/fluidNav.html]
[pkbichdao.com/Common/images/f.jpg]
[pkbichdao.com/Common/images/t.jpg]
[pkbichdao.com/Common/images/print.jpg]
[pkbichdao.com/gioi-thieu.html]
[pkbichdao.com/3rdparty/jQuery/jprintArea/jquery.VHVPrintArea.js]
[pkbichdao.com/chuyen-khoa.html]
[pkbichdao.com/thong-tin-y-khoa/tai-lieu-y-hoc/5-cach-de-ngan-ngua-mat-suc-nghe-khi-su-dung-tai-nghe.html]
[pkbichdao.com/thong-tin-y-khoa.html]
[pkbichdao.com/chuyen-gia.html]
[pkbichdao.com/dich-vu-ho-tro.html]
[pkbichdao.com/gioi-thieu/3rdparty/jQuery/fluidNav.html]
[pkbichdao.com/gioi-thieu/3rdparty/jQuery/wowslider/wowslider.html]
[pkbichdao.com/gioi-thieu/3rdparty/jQuery/wowslider/dodgy/style.html]
[pkbichdao.com/gioi-thieu/3rdparty/jQuery/wowslider/wowslider-2.html]
[pkbichdao.com/gioi-thieu/3rdparty/jQuery/wowslider/effects/basic/script.html]
[pkbichdao.com/gioi-thieu/gioi-thieu-chung.html]
[pkbichdao.com/gioi-thieu/3rdparty/jQuery/jprintArea/jquery.VHVPrintArea.html]
[pkbichdao.com/gioi-thieu/su-menh-tam-nhin.html]
[pkbichdao.com/upload/1003690/20230728/BS_Bich_Dao_840b1.jpg]
[pkbichdao.com/upload/1003690/20230820/4_405bc.jpg]
[pkbichdao.com/upload/1003690/20230820/2_02c7e.jpg]
[pkbichdao.com/upload/1003690/20230820/5_94446.jpg]
[pkbichdao.com/gioi-thieu/doi-ngu-bac-si.html]
[pkbichdao.com/gioi-thieu/co-so-vat-chat.html]
[pkbichdao.com/chuyen-khoa/3rdparty/jQuery/fluidNav.html]
[pkbichdao.com/chuyen-khoa/3rdparty/jQuery/wowslider/wowslider.html]
[pkbichdao.com/chuyen-khoa/3rdparty/jQuery/wowslider/dodgy/style.html]
[pkbichdao.com/chuyen-khoa/3rdparty/jQuery/wowslider/wowslider-2.html]
[pkbichdao.com/chuyen-khoa/3rdparty/jQuery/wowslider/effects/basic/script.html]
[pkbichdao.com/chuyen-khoa/cac-trung-tam.html]
[pkbichdao.com/chuyen-khoa/khoi-noi.html]
[pkbichdao.com/chuyen-khoa/3rdparty/jQuery/jprintArea/jquery.VHVPrintArea.html]
[pkbichdao.com/thong-tin-y-khoa/3rdparty/jQuery/fluidNav.html]
[pkbichdao.com/thong-tin-y-khoa/3rdparty/jQuery/wowslider/wowslider.html]
[pkbichdao.com/thong-tin-y-khoa/3rdparty/jQuery/wowslider/dodgy/style.html]
[pkbichdao.com/thong-tin-y-khoa/3rdparty/jQuery/wowslider/wowslider-2.html]
[pkbichdao.com/thong-tin-y-khoa/3rdparty/jQuery/wowslider/effects/basic/script.html]
[pkbichdao.com/thong-tin-y-khoa/tin-tuc-y-hoc.html]
[pkbichdao.com/chuyen-khoa/giam-dau.html]
[pkbichdao.com/thong-tin-y-khoa/3rdparty/jQuery/jprintArea/jquery.VHVPrintArea.html]
[pkbichdao.com/thong-tin-y-khoa/cac-ky-thuat-chuyen-sau/ngoay-tai-bang-tam-bong-nguy-hiem-kho-luong-.html]
[pkbichdao.com/thong-tin-y-khoa/cac-ky-thuat-chuyen-sau/phuong-phap-moi-tren-the-gioi-chua-benh-u-tai.html]
[pkbichdao.com/thong-tin-y-khoa/cac-ky-thuat-chuyen-sau/dau-hong-keo-dai-la-trieu-chung-cua-nhung-benh-gi-.html]
[pkbichdao.com/thong-tin-y-khoa/cac-ky-thuat-chuyen-sau/cham-soc-tre-bi-ho.html]
[pkbichdao.com/thong-tin-y-khoa/cac-ky-thuat-chuyen-sau/nhung-rui-ro-co-the-xay-ra-khi-nao-va-va-dat-ong-thong-khi.html]
[pkbichdao.com/thong-tin-y-khoa/cac-ky-thuat-chuyen-sau.html]
[pkbichdao.com/thong-tin-y-khoa/y-khoa-chuyen-nganh.html]
[pkbichdao.com/chuyen-khoa/khoi-ngoai.html]
[pkbichdao.com/thong-tin-y-khoa/tai-lieu-y-hoc/sap-co-thuoc-dieu-tri-dac-hieu-cho-nhung-nguoi-bi-ton-thuong-tai-vi-am-thanh-lon-.html]
[pkbichdao.com/thong-tin-y-khoa/tai-lieu-y-hoc/not-do-o-sau-luoi-va-day-luoi-co-phai-bi-ung-thu-khong-.html]
[pkbichdao.com/thong-tin-y-khoa/tai-lieu-y-hoc/co-the-ban-da-bi-roi-loan-chuc-nang-nuot-ma-khong-biet-.html]
[pkbichdao.com/thong-tin-y-khoa/tai-lieu-y-hoc/liet-mat-nguyen-nhan-do-dau-.html]
[pkbichdao.com/thong-tin-y-khoa/tai-lieu-y-hoc.html]
[pkbichdao.com/thong-tin-y-khoa/giam-dau.html]
[pkbichdao.com/dich-vu-ho-tro/3rdparty/jQuery/fluidNav.html]
[pkbichdao.com/dich-vu-ho-tro/3rdparty/jQuery/wowslider/wowslider.html]
[pkbichdao.com/dich-vu-ho-tro/3rdparty/jQuery/wowslider/dodgy/style.html]
[pkbichdao.com/dich-vu-ho-tro/3rdparty/jQuery/wowslider/wowslider-2.html]
[pkbichdao.com/dich-vu-ho-tro/3rdparty/jQuery/wowslider/effects/basic/script.html]
[pkbichdao.com/dich-vu-ho-tro/bao-hiem-nhan-tho.html]
[pkbichdao.com/dich-vu-ho-tro/bao-hiem-y-te.html]
[pkbichdao.com/dich-vu-ho-tro/3rdparty/jQuery/jprintArea/jquery.VHVPrintArea.html]
[pkbichdao.com/dich-vu.html]
[pkbichdao.com/dich-vu/3rdparty/jQuery/fluidNav.html]
[pkbichdao.com/dich-vu/3rdparty/jQuery/wowslider/wowslider.html]
[pkbichdao.com/dich-vu/3rdparty/jQuery/wowslider/dodgy/style.html]
[pkbichdao.com/dich-vu/3rdparty/jQuery/wowslider/wowslider-2.html]
[pkbichdao.com/dich-vu/3rdparty/jQuery/wowslider/effects/basic/script.html]
[pkbichdao.com/dich-vu/trung-tam-kcbclc.html]
[pkbichdao.com/dich-vu/trung-tam-ung-buou.html]
[pkbichdao.com/dich-vu/trung-tam-tim-mach.html]
[pkbichdao.com/dich-vu/trung-tam-huyet-hoc-truyen-mau.html]
[pkbichdao.com/dich-vu/3rdparty/jQuery/jprintArea/jquery.VHVPrintArea.html]
[pkbichdao.com/upload/20770/20180602/icon_doingu_1.png]
[pkbichdao.com/tai-sao-chon-chung-toi.html]
[pkbichdao.com/tai-sao-chon-chung-toi/3rdparty/jQuery/fluidNav.html]
[pkbichdao.com/tai-sao-chon-chung-toi/3rdparty/jQuery/wowslider/wowslider.html]
[pkbichdao.com/tai-sao-chon-chung-toi/3rdparty/jQuery/wowslider/dodgy/style.html]
[pkbichdao.com/tai-sao-chon-chung-toi/3rdparty/jQuery/wowslider/wowslider-2.html]
[pkbichdao.com/tai-sao-chon-chung-toi/3rdparty/jQuery/wowslider/effects/basic/script.html]
[pkbichdao.com/tai-sao-chon-chung-toi/doi-ngu-bac-si-giau-kinh-nghiem.html]
[pkbichdao.com/tai-sao-chon-chung-toi/3rdparty/jQuery/jprintArea/jquery.VHVPrintArea.html]
[pkbichdao.com/upload/20770/20180602/icon_doingu_2.png]
[pkbichdao.com/tai-sao-chon-chung-toi/chat-luong-dich-vu-tot.html]
[pkbichdao.com/upload/20770/20180602/icon_doingu_3.png]
[pkbichdao.com/tai-sao-chon-chung-toi/trang-thiet-bi-hien-dai.html]
[pkbichdao.com/upload/20770/20180602/icon_doingu_4.png]
[pkbichdao.com/tai-sao-chon-chung-toi/quy-trinh-kham-chua-benh-thuan-tien.html]
[pkbichdao.com/upload/1003690/20230820/2-1_73a99.jpg]
[pkbichdao.com/Common/images/Social/icon_print.gif]
[pkbichdao.com/Common/images/Social/icon_letter.gif]
[pkbichdao.com/Common/images/nhat.png]
[pkbichdao.com/Common/images/dam.png]
[stc.sp.zdn.vn/share/logo_white_s.png]
[pkbichdao.com/App/Corporate/images/News/print.html]
[pkbichdao.com/App/Corporate/images/News/share.html]
[pkbichdao.com/App/Corporate/images/News/bg-relatedArticles.html]
[pkbichdao.com/thong-tin-y-khoa/y-khoa-chuyen-nganh/3rdparty/jQuery/fluidNav.html]
[pkbichdao.com/thong-tin-y-khoa/y-khoa-chuyen-nganh/3rdparty/jQuery/wowslider/wowslider.html]
[pkbichdao.com/thong-tin-y-khoa/y-khoa-chuyen-nganh/3rdparty/jQuery/wowslider/dodgy/style.html]
[pkbichdao.com/thong-tin-y-khoa/y-khoa-chuyen-nganh/3rdparty/jQuery/wowslider/wowslider-2.html]
[pkbichdao.com/thong-tin-y-khoa/y-khoa-chuyen-nganh/3rdparty/jQuery/wowslider/effects/basic/script.html]
[connect.facebook.net/vi_VN/sdk.js]
[pkbichdao.com/thong-tin-y-khoa/y-khoa-chuyen-nganh/dieu-tri-ung-thu-thuc-quan-giai-doan-di-can-co-hoi-va-thach-thuc.html]
[pkbichdao.com/page/404.html]
[sp.zalo.me/plugins/sdk.js]
[media.vov.vn/sites/default/files/styles/large/public/2023-03/xoang_.jpg]
[pkbichdao.com/upload/1003690/20230812/grab3b9dexoang_.jpg]
[pkbichdao.com/upload/1003690/20230812/grab958fbxoang_2.jpg]
[pkbichdao.com/upload/1003690/20230812/grab22a8fxoang_3.jpg]
[pkbichdao.com/upload/1003690/20230812/grab86b47xoang_4.gif]
[pkbichdao.com/thong-tin-y-khoa/y-khoa-chuyen-nganh/benh-mui-xoang-co-the-gay-giam-thi-luc-.html]
[pkbichdao.com/upload/1003690/20230801/tre-bi-ho_8b42e.jpg]
[pkbichdao.com/upload/1003690/20230801/grab201c6Ho.jpg]
[pkbichdao.com/upload/1003690/20230801/grabe2094long_do_trung.jpg]
[pkbichdao.com/thong-tin-y-khoa/tin-tuc-y-hoc/3rdparty/jQuery/fluidNav.html]
[pkbichdao.com/thong-tin-y-khoa/tin-tuc-y-hoc/3rdparty/jQuery/wowslider/wowslider.html]
[pkbichdao.com/thong-tin-y-khoa/tin-tuc-y-hoc/3rdparty/jQuery/wowslider/dodgy/style.html]
[pkbichdao.com/thong-tin-y-khoa/tin-tuc-y-hoc/3rdparty/jQuery/wowslider/wowslider-2.html]
[pkbichdao.com/thong-tin-y-khoa/tin-tuc-y-hoc/cham-soc-tre-bi-ho.html]
[pkbichdao.com/thong-tin-y-khoa/tin-tuc-y-hoc/3rdparty/jQuery/wowslider/effects/basic/script.html]
[hongngochospital.vn/wp-content/uploads/2013/11/khiem-thinh-1.jpg]
[pkbichdao.com/upload/1003690/20230818/grab9d356khiem_thinh_1.jpg]
[pkbichdao.com/upload/1003690/20230818/grab9dcfbkhiem_thinh_2.jpg]
[pkbichdao.com/chuyen-khoa/khoi-ngoai/3rdparty/jQuery/fluidNav.html]
[pkbichdao.com/chuyen-khoa/khoi-ngoai/3rdparty/jQuery/wowslider/wowslider.html]
[pkbichdao.com/chuyen-khoa/khoi-ngoai/3rdparty/jQuery/wowslider/dodgy/style.html]
[pkbichdao.com/chuyen-khoa/khoi-ngoai/3rdparty/jQuery/wowslider/wowslider-2.html]
[pkbichdao.com/chuyen-khoa/khoi-ngoai/phan-loai-cac-dang-khiem-thinh.html]
[pkbichdao.com/chuyen-khoa/khoi-ngoai/3rdparty/jQuery/wowslider/effects/basic/script.html]
[pkbichdao.com/upload/1003690/20230812/grabdb667tu_thuoc_gia_dinh.jpg]
[pkbichdao.com/thong-tin-y-khoa/tai-lieu-y-hoc/3rdparty/jQuery/fluidNav.html]
[pkbichdao.com/thong-tin-y-khoa/tai-lieu-y-hoc/3rdparty/jQuery/wowslider/wowslider.html]
[pkbichdao.com/thong-tin-y-khoa/tai-lieu-y-hoc/3rdparty/jQuery/wowslider/dodgy/style.html]
[pkbichdao.com/thong-tin-y-khoa/tai-lieu-y-hoc/3rdparty/jQuery/wowslider/wowslider-2.html]
[pkbichdao.com/thong-tin-y-khoa/tai-lieu-y-hoc/chuan-bi-tu-thuoc-gia-dinh-trong-dip-tet.html]
[pkbichdao.com/thong-tin-y-khoa/tai-lieu-y-hoc/3rdparty/jQuery/wowslider/effects/basic/script.html]
[pkbichdao.com/upload/1003690/20230818/grab3a64fthuc_pham_giup_giam_dau_khop_hieu_qua_1.jpeg.jpg]
[media.vov.vn/sites/default/files/styles/large/public/2023-08/thuc_pham_giup_giam_dau_khop_hieu_qua_1.jpeg.jpg]
[pkbichdao.com/upload/1003690/20230818/grab350c4thuc_pham_giup_giam_dau_khop_hieu_qua_2.jpg]
[pkbichdao.com/thong-tin-y-khoa/giam-dau/3rdparty/jQuery/fluidNav.html]
[pkbichdao.com/thong-tin-y-khoa/giam-dau/3rdparty/jQuery/wowslider/wowslider.html]
[pkbichdao.com/thong-tin-y-khoa/giam-dau/3rdparty/jQuery/wowslider/dodgy/style.html]
[pkbichdao.com/thong-tin-y-khoa/giam-dau/3rdparty/jQuery/wowslider/wowslider-2.html]
[pkbichdao.com/thong-tin-y-khoa/giam-dau/thuc-pham-giup-giam-dau-khop-hieu-qua.html]
[pkbichdao.com/thong-tin-y-khoa/giam-dau/3rdparty/jQuery/wowslider/effects/basic/script.html]
[pkbichdao.com/upload/1003690/fck/adminpkdk/image.png]
[pkbichdao.com/thong-tin-y-khoa/tai-lieu-y-hoc/tre-so-sinh-dang-nong-hay-lanh-nguy-hiem-hay-khong-phat-hien-ra-sao-va-xu-tri-the-nao-.html]
[pkbichdao.com/thong-tin-y-khoa/tai-lieu-y-hoc/cach-dung-thuoc-ha-sot-cho-tre-nho.html]
[pkbichdao.com/upload/1003690/20230820/may-tro-thinh-Khanh-Tran-nghe-kem_98b48.jpg]
[pkbichdao.com/upload/1003690/fck/adminpkdk/2023_08_20_00_44_111.jpg]
[pkbichdao.com/upload/1003690/fck/adminpkdk/2023_08_20_00_44_112.png]
[pkbichdao.com/upload/1003690/fck/adminpkdk/2023_08_20_00_44_113.jpg]
[pkbichdao.com/thong-tin-y-khoa/tai-lieu-y-hoc/hieu-va-du-phong-hien-tuong-nghe-kem.html]
[pkbichdao.com/upload/1003690/20230820/Toi_ebe8c.jpg]
[pkbichdao.com/thong-tin-y-khoa/tai-lieu-y-hoc/toi-lieu-co-phai-la-than-duoc-chua-benh-tai-mui-hong.html]
[pkbichdao.com/upload/1003690/20230915/grab0065eap_20xe_20thanh_20sau_20hong_201.jpg]
[media.vov.vn/sites/default/files/styles/large/public/2023-09/ap xe thanh sau hong 1.jpg]
[pkbichdao.com/upload/1003690/20230915/grabc99acap_xe_thanh_sau_hong_2.jpg]
[pkbichdao.com/upload/1003690/20230915/grabaa92fap_xe_thanh_sau_hong_3.jpg]
[pkbichdao.com/upload/1003690/20230915/grab3ad06ap_xe_thanh_sau_hong_4.jpg]
[pkbichdao.com/thong-tin-y-khoa/cac-ky-thuat-chuyen-sau/tre-bi-viem-tai-giua-cham-soc-nhu-the-nao-.html]
[pkbichdao.com/thong-tin-y-khoa/cac-ky-thuat-chuyen-sau/viem-tai-giua-o-tre-em-chua-khoi-hay-bi-tai-nhiem-.html]
[pkbichdao.com/thong-tin-y-khoa/cac-ky-thuat-chuyen-sau/3rdparty/jQuery/fluidNav.html]
[pkbichdao.com/thong-tin-y-khoa/tin-tuc-y-hoc/khong-nuot-duoc-vi-chung-co-that-thuc-quan.html]
[pkbichdao.com/thong-tin-y-khoa/cac-ky-thuat-chuyen-sau/3rdparty/jQuery/wowslider/wowslider.html]
[pkbichdao.com/thong-tin-y-khoa/cac-ky-thuat-chuyen-sau/3rdparty/jQuery/wowslider/dodgy/style.html]
[pkbichdao.com/thong-tin-y-khoa/cac-ky-thuat-chuyen-sau/3rdparty/jQuery/wowslider/wowslider-2.html]
[pkbichdao.com/thong-tin-y-khoa/cac-ky-thuat-chuyen-sau/bien-chung-nguy-hiem-cua-viem-va-ap-xe-thanh-sau-hong.html]
[pkbichdao.com/thong-tin-y-khoa/cac-ky-thuat-chuyen-sau/3rdparty/jQuery/wowslider/effects/basic/script.html]
[pkbichdao.com/upload/1003690/20230821/grab3b9dexoang_.jpg]
[pkbichdao.com/upload/1003690/20230821/grab958fbxoang_2.jpg]
[pkbichdao.com/upload/1003690/20230821/grab22a8fxoang_3.jpg]
[pkbichdao.com/upload/1003690/20230821/grab86b47xoang_4.gif]
[pkbichdao.com/thong-tin-y-khoa/cac-ky-thuat-chuyen-sau/benh-mui-xoang-co-the-gay-giam-thi-luc-.html]
[pkbichdao.com/thong-tin-y-khoa/tin-tuc-y-hoc/luu-y-dau-tai-rat-co-the-la-dau-hieu-cua-ung-thu-vung-hong.html]
[pkbichdao.com/upload/1003690/20230821/grab0a32fco_che_gay_dau_tai.jpg]
[pkbichdao.com/upload/1003690/20230821/grab56822ung_thu_vung_hong.jpg]
[pkbichdao.com/thong-tin-y-khoa/cac-ky-thuat-chuyen-sau/luu-y-dau-tai-rat-co-the-la-dau-hieu-cua-ung-thu-vung-hong.html]
[pkbichdao.com/goc-tri-an.html]
[pkbichdao.com/upload/1003690/20230821/grab490dbmy_tam.jpg]
[pkbichdao.com/goc-tri-an/3rdparty/jQuery/fluidNav.html]
[pkbichdao.com/goc-tri-an/3rdparty/jQuery/wowslider/wowslider.html]
[pkbichdao.com/goc-tri-an/3rdparty/jQuery/wowslider/dodgy/style.html]
[pkbichdao.com/goc-tri-an/3rdparty/jQuery/wowslider/wowslider-2.html]
[pkbichdao.com/goc-tri-an/3rdparty/jQuery/wowslider/effects/basic/script.html]
[pkbichdao.com/goc-tri-an/3rdparty/jQuery/jprintArea/jquery.VHVPrintArea.html]
[pkbichdao.com/goc-tri-an/3rdparty/jQuery/tosrus-master/dist/css/jquery.tosrus.all.html]
[pkbichdao.com/goc-tri-an/bac-si-tiet-lo-my-tam-van-phai-dieu-tri-dai-han-chung-ho-.html]
[pkbichdao.com/goc-tri-an/3rdparty/jQuery/tosrus-master/dist/js/jquery.tosrus.all.min.html]
[pkbichdao.com/upload/17741/fck/bg-freame.jpg]
[pkbichdao.com/gioi-thieu/doi-ngu-bac-si/3rdparty/jQuery/fluidNav.html]
[pkbichdao.com/gioi-thieu/doi-ngu-bac-si/3rdparty/jQuery/wowslider/wowslider.html]
[pkbichdao.com/gioi-thieu/doi-ngu-bac-si/3rdparty/jQuery/wowslider/dodgy/style.html]
[pkbichdao.com/gioi-thieu/doi-ngu-bac-si/3rdparty/jQuery/wowslider/wowslider-2.html]
[pkbichdao.com/gioi-thieu/doi-ngu-bac-si/3rdparty/jQuery/wowslider/effects/basic/script.html]
[pkbichdao.com/gioi-thieu/doi-ngu-bac-si/bac-sy-nguyen-thi-tuyet-nhung.html]
[pkbichdao.com/gioi-thieu/doi-ngu-bac-si/thac-sy-bsc.-trang-thanh-thuy.html]
[pkbichdao.com/gioi-thieu/doi-ngu-bac-si/pho-giao-su-tien-si-bac-si-pham-thi-bich-dao.html]
[pkbichdao.com/gioi-thieu/doi-ngu-bac-si/3rdparty/jQuery/jprintArea/jquery.VHVPrintArea.html]
[pkbichdao.com/gioi-thieu/doi-ngu-bac-si/nguyen-van-a.html]
[pkbichdao.com/3rdparty/jQuery/wowslider/wowslider.css]
[pkbichdao.com/3rdparty/jQuery/wowslider/dodgy/ws-ctrl-dodgy.eot]
[pkbichdao.com/3rdparty/jQuery/wowslider/dodgy/ws-ctrl-dodgy.woff]
[pkbichdao.com/3rdparty/jQuery/wowslider/dodgy/ws-ctrl-dodgy.ttf]
[pkbichdao.com/3rdparty/jQuery/wowslider/dodgy/ws-ctrl-dodgy.svg]
[pkbichdao.com/3rdparty/jQuery/wowslider/dodgy/style.css]
[pkbichdao.com/3rdparty/jQuery/wowslider/dodgy/playvideo.html]
[pkbichdao.com/3rdparty/jQuery/owl-carousel/owl.carousel.2.0.0/assets/owl.video.play.png]
[pkbichdao.com/3rdparty/jQuery/owl-carousel/owl.carousel.2.0.0/assets/owl.carousel.css]
[pkbichdao.com/3rdparty/jQuery/owl-carousel/owl.carousel.2.0.0/assets/owl.theme.default.min.css]
[pkbichdao.com/3rdparty/bootstrap-sass/3.4.1/assets/fonts/bootstrap/glyphicons-halflings-regular.svg]
[pkbichdao.com/App/images/topbg.html]
[pkbichdao.com/App/images/bg.png]
[pkbichdao.com/404-not-found.gif]
[pkbichdao.com/App/images/sidebarManager/page_btn_g_mellow.html]
[pkbichdao.com/css/1.5224650/1003690/10126/images/arrow_down.html]
[pkbichdao.com/css/1.5224650/1003690/10126/images/sort_row_bg.html]
[pkbichdao.com/css/1.5224650/1003690/10126/images/filter_row_bg.html]
[pkbichdao.com/App/images/Member/bg_shadow.html]
[pkbichdao.com/App/images/Member/bg_group_name.html]
[pkbichdao.com/App/images/Member/icon-intro.html]
[pkbichdao.com/App/images/Member/icon-teacher.html]
[pkbichdao.com/App/images/Member/icon-department.html]
[pkbichdao.com/3rdparty/vhv-font/vhv9e69.svg]
[pkbichdao.com/upload/1003690/20230819/photo-3-1595581646180500445773_4f56e.jpg]
[pkbichdao.com/upload/1003690/fck/adminpkdk/2023_08_19_14_54_361.jpg]
[pkbichdao.com/thong-tin-y-khoa/tai-lieu-y-hoc/su-dung-tai-nghe-ra-sao-de-an-toan-cho-ban.html]
[pkbichdao.com/upload/1003690/20230812/grabc3475bs_dao.jpg]
[pkbichdao.com/upload/1003690/20230812/grab5b1c5bs_dao_2.jpg]
[pkbichdao.com/upload/1003690/20230812/grabf9605bs_dao_3.jpg]
[pkbichdao.com/thong-tin-y-khoa/cac-ky-thuat-chuyen-sau/khong-nuot-duoc-vi-chung-co-that-thuc-quan.html]
[pkbichdao.com/upload/1003690/20230812/grab0ba9dviem_amidan_1.jpg]
[pkbichdao.com/upload/1003690/20230812/grabe1d77viem_amidan.jpg]
[pkbichdao.com/thong-tin-y-khoa/cac-ky-thuat-chuyen-sau/bi-viem-amidan-cap-khi-nao-can-den-benh-vien-.html]
[pkbichdao.com/upload/1003690/20230812/grab32915khan_20tieng.jpg]
[pkbichdao.com/upload/1003690/20230812/grabda205khan_tieng_1.jpg]
[pkbichdao.com/upload/1003690/20230812/grab52901khan_tieng_2.jpg]
[pkbichdao.com/thong-tin-y-khoa/tai-lieu-y-hoc/bi-khan-tieng-di-kham-phat-hien-ra-ung-thu-thuc-quan-.html]
[pkbichdao.com/hoi-dap.html]
[pkbichdao.com/menu-top/3rdparty/jQuery/fluidNav.html]
[pkbichdao.com/menu-top/3rdparty/jQuery/wowslider/wowslider.html]
[pkbichdao.com/menu-top/3rdparty/jQuery/wowslider/dodgy/style.html]
[pkbichdao.com/menu-top/3rdparty/jQuery/wowslider/wowslider-2.html]
[pkbichdao.com/menu-top/3rdparty/jQuery/wowslider/effects/basic/script.html]
[pkbichdao.com/menu-top/3rdparty/jQuery/jprintArea/jquery.VHVPrintArea.html]
[pkbichdao.com/page/3rdparty/jQuery/fluidNav.html]
[pkbichdao.com/upload/1003690/fck/adminpkdk/2023_08_19_15_09_172.jpg]
[pkbichdao.com/thong-tin-y-khoa/tai-lieu-y-hoc/5-cach-de-ngan-ngua-mat-suc-nghe-khi-su-dung-tai-nghe.html]
[pkbichdao.com/gioi-thieu/3rdparty/jQuery/fluidNav.html]
[pkbichdao.com/gioi-thieu/3rdparty/jQuery/wowslider/wowslider.html]
[pkbichdao.com/gioi-thieu/3rdparty/jQuery/wowslider/dodgy/style.html]
[pkbichdao.com/gioi-thieu/3rdparty/jQuery/wowslider/wowslider-2.html]
[pkbichdao.com/gioi-thieu/3rdparty/jQuery/wowslider/effects/basic/script.html]
[pkbichdao.com/gioi-thieu/3rdparty/jQuery/jprintArea/jquery.VHVPrintArea.html]
[pkbichdao.com/chuyen-khoa/3rdparty/jQuery/fluidNav.html]
[pkbichdao.com/chuyen-khoa/3rdparty/jQuery/wowslider/wowslider.html]
[pkbichdao.com/chuyen-khoa/3rdparty/jQuery/wowslider/dodgy/style.html]
[pkbichdao.com/chuyen-khoa/3rdparty/jQuery/wowslider/wowslider-2.html]
[pkbichdao.com/chuyen-khoa/3rdparty/jQuery/wowslider/effects/basic/script.html]
[pkbichdao.com/chuyen-khoa/3rdparty/jQuery/jprintArea/jquery.VHVPrintArea.html]
[pkbichdao.com/thong-tin-y-khoa/3rdparty/jQuery/fluidNav.html]
[pkbichdao.com/thong-tin-y-khoa/3rdparty/jQuery/wowslider/wowslider.html]
[pkbichdao.com/thong-tin-y-khoa/3rdparty/jQuery/wowslider/dodgy/style.html]
[pkbichdao.com/thong-tin-y-khoa/3rdparty/jQuery/wowslider/wowslider-2.html]
[pkbichdao.com/thong-tin-y-khoa/3rdparty/jQuery/wowslider/effects/basic/script.html]
[pkbichdao.com/thong-tin-y-khoa/3rdparty/jQuery/jprintArea/jquery.VHVPrintArea.html]
[pkbichdao.com/upload/1003690/20230812/grab506dbqtip.jpg]
[media.vov.vn/sites/default/files/styles/large/public/2021-05/qtip.jpg]
[pkbichdao.com/upload/1003690/20230812/grabd6f5bngoay_tai.jpg]
[pkbichdao.com/thong-tin-y-khoa/cac-ky-thuat-chuyen-sau/ngoay-tai-bang-tam-bong-nguy-hiem-kho-luong-.html]
[media.vov.vn/sites/default/files/styles/large/public/2021-03/tai_2.jpg]
[pkbichdao.com/upload/1003690/20230812/grab83c90tai_2.jpg]
[pkbichdao.com/thong-tin-y-khoa/cac-ky-thuat-chuyen-sau/phuong-phap-moi-tren-the-gioi-chua-benh-u-tai.html]
[media.vov.vn/sites/default/files/styles/large/public/2021-03/dau hong keo dai.jpg]
[pkbichdao.com/upload/1003690/20230812/grabec8ecdau_20hong_20keo_20dai.jpg]
[pkbichdao.com/upload/1003690/20230812/grab3d434kiss.jpg]
[pkbichdao.com/upload/1003690/20230812/grab10149dau_hong_3.jpg]
[pkbichdao.com/upload/1003690/20230812/grab97161dau_hong_do_hut_thuoc.jpg]
[pkbichdao.com/thong-tin-y-khoa/cac-ky-thuat-chuyen-sau/dau-hong-keo-dai-la-trieu-chung-cua-nhung-benh-gi-.html]
[media.vov.vn/sites/default/files/styles/large/public/2021-02/Ho.jpg]
[pkbichdao.com/upload/1003690/20230812/grab201c6Ho.jpg]
[pkbichdao.com/upload/1003690/20230812/grabe2094long_do_trung.jpg]
[pkbichdao.com/thong-tin-y-khoa/cac-ky-thuat-chuyen-sau/cham-soc-tre-bi-ho.html]
[media.vov.vn/sites/default/files/styles/large/public/2020-12/nao-va-4.jpg]
[pkbichdao.com/upload/1003690/20230812/grabe0febnao_va_4.jpg]
[pkbichdao.com/upload/1003690/20230812/graba6800nao_va_0.jpg]
[pkbichdao.com/upload/1003690/20230812/grab9ef1cnao_va_1.jpg]
[pkbichdao.com/upload/1003690/20230812/grabff126nao_va_2.jpg]
[pkbichdao.com/upload/1003690/20230812/grab1ff9cnao_va.jpg]
[pkbichdao.com/thong-tin-y-khoa/cac-ky-thuat-chuyen-sau/nhung-rui-ro-co-the-xay-ra-khi-nao-va-va-dat-ong-thong-khi.html]
[pkbichdao.com/upload/1003690/20230812/grabca78enoise_pollution_hh19.png.jpg]
[pkbichdao.com/upload/1003690/20230812/grab0a855gen.jpg]
[pkbichdao.com/thong-tin-y-khoa/tai-lieu-y-hoc/sap-co-thuoc-dieu-tri-dac-hieu-cho-nhung-nguoi-bi-ton-thuong-tai-vi-am-thanh-lon-.html]
[media.vov.vn/sites/default/files/styles/large/public/2021-08/luoi.jpg]
[pkbichdao.com/upload/1003690/20230812/grabeca80luoi.jpg]
[pkbichdao.com/upload/1003690/20230812/grabac7cbluoi_2.jpg]
[pkbichdao.com/upload/1003690/20230812/grab3f2c7luoi_1.jpg]
[pkbichdao.com/thong-tin-y-khoa/tai-lieu-y-hoc/not-do-o-sau-luoi-va-day-luoi-co-phai-bi-ung-thu-khong-.html]
[media.vov.vn/sites/default/files/styles/large/public/2021-06/bs-dao-roi-loan-nuot.jpg]
[pkbichdao.com/upload/1003690/20230812/grab32fcfbs_dao_roi_loan_nuot.jpg]
[pkbichdao.com/upload/1003690/20230812/graba2e22bs_dao_luong_dich_hit.jpg]
[pkbichdao.com/thong-tin-y-khoa/tai-lieu-y-hoc/co-the-ban-da-bi-roi-loan-chuc-nang-nuot-ma-khong-biet-.html]
[media.vov.vn/sites/default/files/styles/large/public/2021-04/liet_mat.jpg]
[pkbichdao.com/upload/1003690/20230812/grab70f3fliet_mat.jpg]
[pkbichdao.com/thong-tin-y-khoa/tai-lieu-y-hoc/liet-mat-nguyen-nhan-do-dau-.html]
[pkbichdao.com/dich-vu-ho-tro/3rdparty/jQuery/fluidNav.html]
[pkbichdao.com/dich-vu-ho-tro/3rdparty/jQuery/wowslider/wowslider.html]
[pkbichdao.com/dich-vu-ho-tro/3rdparty/jQuery/wowslider/dodgy/style.html]
[pkbichdao.com/dich-vu-ho-tro/3rdparty/jQuery/wowslider/wowslider-2.html]
[pkbichdao.com/dich-vu-ho-tro/3rdparty/jQuery/wowslider/effects/basic/script.html]
[pkbichdao.com/dich-vu-ho-tro/3rdparty/jQuery/jprintArea/jquery.VHVPrintArea.html]
[pkbichdao.com/dich-vu.html]
[pkbichdao.com/dich-vu/3rdparty/jQuery/fluidNav.html]
[pkbichdao.com/dich-vu/3rdparty/jQuery/wowslider/wowslider.html]
[pkbichdao.com/dich-vu/3rdparty/jQuery/wowslider/dodgy/style.html]
[pkbichdao.com/dich-vu/3rdparty/jQuery/wowslider/wowslider-2.html]
[pkbichdao.com/dich-vu/3rdparty/jQuery/wowslider/effects/basic/script.html]
[pkbichdao.com/dich-vu/3rdparty/jQuery/jprintArea/jquery.VHVPrintArea.html]
[pkbichdao.com/tai-sao-chon-chung-toi.html]
[pkbichdao.com/tai-sao-chon-chung-toi/3rdparty/jQuery/fluidNav.html]
[pkbichdao.com/tai-sao-chon-chung-toi/3rdparty/jQuery/wowslider/wowslider.html]
[pkbichdao.com/tai-sao-chon-chung-toi/3rdparty/jQuery/wowslider/dodgy/style.html]
[pkbichdao.com/tai-sao-chon-chung-toi/3rdparty/jQuery/wowslider/wowslider-2.html]
[pkbichdao.com/tai-sao-chon-chung-toi/3rdparty/jQuery/wowslider/effects/basic/script.html]
[pkbichdao.com/tai-sao-chon-chung-toi/3rdparty/jQuery/jprintArea/jquery.VHVPrintArea.html]
[pkbichdao.com/App/Corporate/images/News/print.html]
[pkbichdao.com/App/Corporate/images/News/share.html]
[pkbichdao.com/App/Corporate/images/News/bg-relatedArticles.html]
[pkbichdao.com/thong-tin-y-khoa/y-khoa-chuyen-nganh/3rdparty/jQuery/fluidNav.html]
[pkbichdao.com/thong-tin-y-khoa/y-khoa-chuyen-nganh/3rdparty/jQuery/wowslider/wowslider.html]
[pkbichdao.com/thong-tin-y-khoa/y-khoa-chuyen-nganh/3rdparty/jQuery/wowslider/dodgy/style.html]
[pkbichdao.com/thong-tin-y-khoa/y-khoa-chuyen-nganh/3rdparty/jQuery/wowslider/wowslider-2.html]
[pkbichdao.com/thong-tin-y-khoa/y-khoa-chuyen-nganh/3rdparty/jQuery/wowslider/effects/basic/script.html]
[connect.facebook.net/vi_VN/sdk.js]
[pkbichdao.com/thong-tin-y-khoa/tin-tuc-y-hoc/3rdparty/jQuery/fluidNav.html]
[pkbichdao.com/thong-tin-y-khoa/tin-tuc-y-hoc/3rdparty/jQuery/wowslider/wowslider.html]
[pkbichdao.com/thong-tin-y-khoa/tin-tuc-y-hoc/3rdparty/jQuery/wowslider/dodgy/style.html]
[pkbichdao.com/thong-tin-y-khoa/tin-tuc-y-hoc/3rdparty/jQuery/wowslider/wowslider-2.html]
[pkbichdao.com/thong-tin-y-khoa/tin-tuc-y-hoc/3rdparty/jQuery/wowslider/effects/basic/script.html]
[pkbichdao.com/chuyen-khoa/khoi-ngoai/3rdparty/jQuery/fluidNav.html]
[pkbichdao.com/chuyen-khoa/khoi-ngoai/3rdparty/jQuery/wowslider/wowslider.html]
[pkbichdao.com/chuyen-khoa/khoi-ngoai/3rdparty/jQuery/wowslider/dodgy/style.html]
[pkbichdao.com/chuyen-khoa/khoi-ngoai/3rdparty/jQuery/wowslider/wowslider-2.html]
[pkbichdao.com/chuyen-khoa/khoi-ngoai/3rdparty/jQuery/wowslider/effects/basic/script.html]
[pkbichdao.com/thong-tin-y-khoa/tai-lieu-y-hoc/3rdparty/jQuery/fluidNav.html]
[pkbichdao.com/thong-tin-y-khoa/tai-lieu-y-hoc/3rdparty/jQuery/wowslider/wowslider.html]
[pkbichdao.com/thong-tin-y-khoa/tai-lieu-y-hoc/3rdparty/jQuery/wowslider/dodgy/style.html]
[pkbichdao.com/thong-tin-y-khoa/tai-lieu-y-hoc/3rdparty/jQuery/wowslider/wowslider-2.html]
[pkbichdao.com/thong-tin-y-khoa/tai-lieu-y-hoc/3rdparty/jQuery/wowslider/effects/basic/script.html]
[pkbichdao.com/thong-tin-y-khoa/giam-dau/3rdparty/jQuery/fluidNav.html]
[pkbichdao.com/thong-tin-y-khoa/giam-dau/3rdparty/jQuery/wowslider/wowslider.html]
[pkbichdao.com/thong-tin-y-khoa/giam-dau/3rdparty/jQuery/wowslider/dodgy/style.html]
[pkbichdao.com/thong-tin-y-khoa/giam-dau/3rdparty/jQuery/wowslider/wowslider-2.html]
[pkbichdao.com/thong-tin-y-khoa/giam-dau/3rdparty/jQuery/wowslider/effects/basic/script.html]
[media.vov.vn/sites/default/files/styles/large/public/2021-02/Ha sot cho tre.jpg]
[pkbichdao.com/upload/1003690/20230812/grab4a16bHa_20sot_20cho_20tre.jpg]
[pkbichdao.com/thong-tin-y-khoa/tai-lieu-y-hoc/cach-dung-thuoc-ha-sot-cho-tre-nho.html]
[media.vov.vn/sites/default/files/styles/large/public/2020-12/viem tai giua.jpg]
[pkbichdao.com/upload/1003690/20230812/grabe2e71viem_20tai_20giua.jpg]
[pkbichdao.com/upload/1003690/20230812/grab6e78aviem_tai_giua_2.jpg]
[pkbichdao.com/thong-tin-y-khoa/cac-ky-thuat-chuyen-sau/tre-bi-viem-tai-giua-cham-soc-nhu-the-nao-.html]
[media.vov.vn/sites/default/files/styles/large/public/2023-08/viem_tai_giua.jpg]
[pkbichdao.com/upload/1003690/20230806/grab3a6a3viem_tai_giua.jpg]
[pkbichdao.com/upload/1003690/20230806/grab153e4viem_20tai_20giua_201.jpg]
[pkbichdao.com/upload/1003690/20230806/grabc9673viem_tai_giua_2.jpg]
[pkbichdao.com/upload/1003690/20230806/grab4addfviem_tai_giua_3.jpg]
[pkbichdao.com/thong-tin-y-khoa/cac-ky-thuat-chuyen-sau/viem-tai-giua-o-tre-em-chua-khoi-hay-bi-tai-nhiem-.html]
[pkbichdao.com/upload/1003690/20230801/test_0c074.jpg]
[pkbichdao.com/upload/1003690/20230801/grabc3475bs_dao.jpg]
[pkbichdao.com/upload/1003690/20230801/grab5b1c5bs_dao_2.jpg]
[pkbichdao.com/upload/1003690/20230801/grabf9605bs_dao_3.jpg]
[pkbichdao.com/thong-tin-y-khoa/tin-tuc-y-hoc/khong-nuot-duoc-vi-chung-co-that-thuc-quan.html]
[pkbichdao.com/thong-tin-y-khoa/cac-ky-thuat-chuyen-sau/3rdparty/jQuery/fluidNav.html]
[pkbichdao.com/thong-tin-y-khoa/cac-ky-thuat-chuyen-sau/3rdparty/jQuery/wowslider/wowslider.html]
[pkbichdao.com/thong-tin-y-khoa/cac-ky-thuat-chuyen-sau/3rdparty/jQuery/wowslider/dodgy/style.html]
[pkbichdao.com/thong-tin-y-khoa/cac-ky-thuat-chuyen-sau/3rdparty/jQuery/wowslider/wowslider-2.html]
[pkbichdao.com/thong-tin-y-khoa/cac-ky-thuat-chuyen-sau/3rdparty/jQuery/wowslider/effects/basic/script.html]
[pkbichdao.com/upload/1003690/20230801/Dau_tai_27e75.jpg]
[pkbichdao.com/thong-tin-y-khoa/tin-tuc-y-hoc/luu-y-dau-tai-rat-co-the-la-dau-hieu-cua-ung-thu-vung-hong.html]
[pkbichdao.com/goc-tri-an/3rdparty/jQuery/fluidNav.html]
[pkbichdao.com/goc-tri-an/3rdparty/jQuery/wowslider/wowslider.html]
[pkbichdao.com/goc-tri-an/3rdparty/jQuery/wowslider/dodgy/style.html]
[pkbichdao.com/goc-tri-an/3rdparty/jQuery/wowslider/wowslider-2.html]
[pkbichdao.com/goc-tri-an/3rdparty/jQuery/wowslider/effects/basic/script.html]
[pkbichdao.com/goc-tri-an/3rdparty/jQuery/jprintArea/jquery.VHVPrintArea.html]
[pkbichdao.com/goc-tri-an/3rdparty/jQuery/tosrus-master/dist/css/jquery.tosrus.all.html]
[pkbichdao.com/goc-tri-an/3rdparty/jQuery/tosrus-master/dist/js/jquery.tosrus.all.min.html]
[pkbichdao.com/gioi-thieu/doi-ngu-bac-si/3rdparty/jQuery/fluidNav.html]
[pkbichdao.com/gioi-thieu/doi-ngu-bac-si/3rdparty/jQuery/wowslider/wowslider.html]
[pkbichdao.com/gioi-thieu/doi-ngu-bac-si/3rdparty/jQuery/wowslider/dodgy/style.html]
[pkbichdao.com/gioi-thieu/doi-ngu-bac-si/3rdparty/jQuery/wowslider/wowslider-2.html]
[pkbichdao.com/gioi-thieu/doi-ngu-bac-si/3rdparty/jQuery/wowslider/effects/basic/script.html]
[pkbichdao.com/gioi-thieu/doi-ngu-bac-si/3rdparty/jQuery/jprintArea/jquery.VHVPrintArea.html]
[pkbichdao.com/3rdparty/jQuery/wowslider/dodgy/ws-ctrl-dodgy.svg]
[pkbichdao.com/3rdparty/jQuery/wowslider/dodgy/playvideo.html]
[pkbichdao.com/App/images/topbg.html]
